2026-07-15 18:49:20 [INFO] [conn-9] client connected from ('XXXXXXXXXXXXXXX', 56780)
2026-07-15 18:49:20 [INFO] [conn-9] connected to backend 127.0.0.1:64212
2026-07-15 18:49:20 [INFO] [conn-9] client->paserver 5 bytes:
  00000000  05 05 05 05 05                                   |.....|
2026-07-15 18:49:20 [INFO] [conn-9] paserver->client 5 bytes:
  00000000  06 00 00 00 00                                   |.....|
2026-07-15 18:49:20 [INFO] [conn-9] client->paserver 498 bytes:
  00000000  7b 22 6d 65 74 68 6f 64 22 3a 22 63 6f 6e 6e 65  |{"method":"conne|
  00000010  63 74 22 2c 22 70 61 72 61 6d 73 22 3a 5b 7b 22  |ct","params":[{"|
  00000020  44 72 69 76 65 72 4e 61 6d 65 22 3a 22 44 61 74  |DriverName":"Dat|
  00000030  61 53 6e 61 70 22 2c 22 48 6f 73 74 4e 61 6d 65  |aSnap","HostName|
  00000040  22 3a 22 58 58 58 58 58 58 58 58 58 58 58 58 58  |":"XXXXXXXXXXXXX|
  00000050  22 2c 22 50 6f 72 74 22 3a 22 36 34 32 31 31 22  |","Port":"64211"|
  00000060  2c 22 44 53 41 75 74 68 65 6e 74 69 63 61 74 69  |,"DSAuthenticati|
  00000070  6f 6e 55 73 65 72 22 3a 22 22 2c 22 44 53 41 75  |onUser":"","DSAu|
  00000080  74 68 65 6e 74 69 63 61 74 69 6f 6e 50 61 73 73  |thenticationPass|
  00000090  77 6f 72 64 22 3a 22 36 39 35 36 30 32 39 39 32  |word":"695602992|
  000000a0  45 30 34 45 35 32 38 39 33 39 37 38 35 39 39 42  |E04E52893978599B|
  000000b0  36 38 39 45 34 41 35 22 2c 22 42 75 66 66 65 72  |689E4A5","Buffer|
  000000c0  4b 42 53 69 7a 65 22 3a 22 35 31 32 22 2c 22 49  |KBSize":"512","I|
  000000d0  50 49 6d 70 6c 65 6d 65 6e 74 61 74 69 6f 6e 49  |PImplementationI|
  000000e0  44 22 3a 22 41 67 65 6e 74 2e 49 50 50 65 65 72  |D":"Agent.IPPeer|
  000000f0  49 6d 70 6c 22 2c 22 44 72 69 76 65 72 55 6e 69  |Impl","DriverUni|
  00000100  74 22 3a 22 44 61 74 61 2e 44 42 58 44 61 74 61  |t":"Data.DBXData|
  00000110  53 6e 61 70 22 2c 22 43 6f 6d 6d 75 6e 69 63 61  |Snap","Communica|
  00000120  74 69 6f 6e 50 72 6f 74 6f 63 6f 6c 22 3a 22 74  |tionProtocol":"t|
  00000130  63 70 2f 69 70 22 2c 22 44 61 74 61 73 6e 61 70  |cp/ip","Datasnap|
  00000140  43 6f 6e 74 65 78 74 22 3a 22 64 61 74 61 73 6e  |Context":"datasn|
  00000150  61 70 2f 22 2c 22 44 72 69 76 65 72 41 73 73 65  |ap/","DriverAsse|
  00000160  6d 62 6c 79 4c 6f 61 64 65 72 22 3a 22 42 6f 72  |mblyLoader":"Bor|
  00000170  6c 61 6e 64 2e 44 61 74 61 2e 54 44 42 58 43 6c  |land.Data.TDBXCl|
  00000180  69 65 6e 74 44 72 69 76 65 72 4c 6f 61 64 65 72  |ientDriverLoader|
  00000190  2c 42 6f 72 6c 61 6e 64 2e 44 61 74 61 2e 44 62  |,Borland.Data.Db|
  000001a0  78 43 6c 69 65 6e 74 44 72 69 76 65 72 2c 56 65  |xClientDriver,Ve|
  000001b0  72 73 69 6f 6e 3d 32 34 2e 30 2e 30 2e 30 2c 43  |rsion=24.0.0.0,C|
  000001c0  75 6c 74 75 72 65 3d 6e 65 75 74 72 61 6c 2c 50  |ulture=neutral,P|
  000001d0  75 62 6c 69 63 4b 65 79 54 6f 6b 65 6e 3d 39 31  |ublicKeyToken=91|
  000001e0  64 36 32 65 62 62 35 62 30 64 31 62 31 62 22 7d  |d62ebb5b0d1b1b"}|
  000001f0  5d 7d                                            |]}|
2026-07-15 18:49:20 [INFO] [conn-9] paserver->client 27 bytes:
  00000000  7b 22 72 65 73 75 6c 74 22 3a 5b 30 2c 22 44 61  |{"result":[0,"Da|
  00000010  74 61 53 6e 61 70 22 2c 32 5d 7d                 |taSnap",2]}|
2026-07-15 18:49:20 [INFO] [conn-9] client->paserver 82 bytes:
  00000000  7b 22 6d 65 74 68 6f 64 22 3a 22 65 78 65 63 75  |{"method":"execu|
  00000010  74 65 22 2c 22 70 61 72 61 6d 73 22 3a 5b 7b 22  |te","params":[{"|
  00000020  66 69 65 6c 64 73 22 3a 5b 2d 31 2c 66 61 6c 73  |fields":[-1,fals|
  00000030  65 2c 22 44 62 78 2e 4d 65 74 61 44 61 74 61 22  |e,"Dbx.MetaData"|
  00000040  2c 22 47 65 74 44 61 74 61 62 61 73 65 22 5d 7d  |,"GetDatabase"]}|
  00000050  5d 7d                                            |]}|
2026-07-15 18:49:20 [INFO] [conn-9] paserver->client 810 bytes:
  00000000  7b 22 72 65 73 75 6c 74 22 3a 5b 7b 22 72 6f 77  |{"result":[{"row|
  00000010  73 22 3a 5b 30 5d 7d 2c 7b 22 64 61 74 61 22 3a  |s":[0]},{"data":|
  00000020  5b 31 2c 60 5d 7d 2c 7b 22 74 61 62 6c 65 22 3a  |[1,`]},{"table":|
  00000030  5b 7b 22 66 69 65 6c 64 73 22 3a 5b 30 2c 66 61  |[{"fields":[0,fa|
  00000040  6c 73 65 2c 31 2c 30 2c 74 72 75 65 5d 7d 2c 7b  |lse,1,0,true]},{|
  00000050  22 63 6f 6c 75 6d 6e 73 22 3a 5b 31 37 2c 5b 22  |"columns":[17,["|
  00000060  51 75 6f 74 65 43 68 61 72 22 2c 32 36 2c 30 2c  |QuoteChar",26,0,|
  00000070  30 2c 30 2c 31 36 2c 30 2c 30 5d 2c 5b 22 50 72  |0,0,16,0,0],["Pr|
  00000080  6f 63 65 64 75 72 65 51 75 6f 74 65 43 68 61 72  |ocedureQuoteChar|
  00000090  22 2c 32 36 2c 30 2c 30 2c 30 2c 31 36 2c 30 2c  |",26,0,0,0,16,0,|
  000000a0  30 5d 2c 5b 22 4d 61 78 43 6f 6d 6d 61 6e 64 73  |0],["MaxCommands|
  000000b0  22 2c 36 2c 30 2c 30 2c 30 2c 30 2c 30 2c 30 5d  |",6,0,0,0,0,0,0]|
  000000c0  2c 5b 22 53 75 70 70 6f 72 74 73 54 72 61 6e 73  |,["SupportsTrans|
  000000d0  61 63 74 69 6f 6e 73 22 2c 34 2c 30 2c 30 2c 30  |actions",4,0,0,0|
  000000e0  2c 30 2c 30 2c 30 5d 2c 5b 22 53 75 70 70 6f 72  |,0,0,0],["Suppor|
  000000f0  74 73 4e 65 73 74 65 64 54 72 61 6e 73 61 63 74  |tsNestedTransact|
  00000100  69 6f 6e 73 22 2c 34 2c 30 2c 30 2c 30 2c 30 2c  |ions",4,0,0,0,0,|
  00000110  30 2c 30 5d 2c 5b 22 53 75 70 70 6f 72 74 73 52  |0,0],["SupportsR|
  00000120  6f 77 53 65 74 53 69 7a 65 22 2c 34 2c 30 2c 30  |owSetSize",4,0,0|
  00000130  2c 30 2c 30 2c 30 2c 30 5d 2c 5b 22 50 72 6f 64  |,0,0,0,0],["Prod|
  00000140  75 63 74 56 65 72 73 69 6f 6e 22 2c 32 36 2c 30  |uctVersion",26,0|
  00000150  2c 30 2c 30 2c 31 32 38 2c 30 2c 30 5d 2c 5b 22  |,0,0,128,0,0],["|
  00000160  50 72 6f 64 75 63 74 4e 61 6d 65 22 2c 32 36 2c  |ProductName",26,|
  00000170  30 2c 30 2c 30 2c 31 32 38 2c 30 2c 30 5d 2c 5b  |0,0,0,128,0,0],[|
  00000180  22 51 75 6f 74 65 50 72 65 66 69 78 22 2c 32 36  |"QuotePrefix",26|
  00000190  2c 30 2c 30 2c 30 2c 31 36 2c 30 2c 30 5d 2c 5b  |,0,0,0,16,0,0],[|
  000001a0  22 51 75 6f 74 65 53 75 66 66 69 78 22 2c 32 36  |"QuoteSuffix",26|
  000001b0  2c 30 2c 30 2c 30 2c 31 36 2c 30 2c 30 5d 2c 5b  |,0,0,0,16,0,0],[|
  000001c0  22 53 75 70 70 6f 72 74 73 4c 6f 77 65 72 43 61  |"SupportsLowerCa|
  000001d0  73 65 49 64 65 6e 74 69 66 69 65 72 73 22 2c 34  |seIdentifiers",4|
  000001e0  2c 30 2c 30 2c 30 2c 30 2c 30 2c 30 5d 2c 5b 22  |,0,0,0,0,0,0],["|
  000001f0  53 75 70 70 6f 72 74 73 55 70 70 65 72 43 61 73  |SupportsUpperCas|
  ... (298 more bytes)
2026-07-15 18:49:20 [INFO] [conn-9] client->paserver 129 bytes:
  00000000  7b 22 6d 65 74 68 6f 64 22 3a 22 72 65 61 64 65  |{"method":"reade|
  00000010  72 5f 63 6c 6f 73 65 22 2c 22 70 61 72 61 6d 73  |r_close","params|
  00000020  22 3a 5b 31 2c 30 5d 7d 7b 22 6d 65 74 68 6f 64  |":[1,0]}{"method|
  00000030  22 3a 22 70 72 65 70 61 72 65 22 2c 22 70 61 72  |":"prepare","par|
  00000040  61 6d 73 22 3a 5b 2d 31 2c 66 61 6c 73 65 2c 22  |ams":[-1,false,"|
  00000050  44 61 74 61 53 6e 61 70 2e 53 65 72 76 65 72 4d  |DataSnap.ServerM|
  00000060  65 74 68 6f 64 22 2c 22 54 53 65 72 76 65 72 4d  |ethod","TServerM|
  00000070  65 74 68 6f 64 73 2e 53 65 74 4e 61 6d 65 22 5d  |ethods.SetName"]|
  00000080  7d                                               |}|
2026-07-15 18:49:20 [INFO] [conn-9] paserver->client 93 bytes:
  00000000  7b 22 72 65 73 75 6c 74 22 3a 5b 7b 22 68 61 6e  |{"result":[{"han|
  00000010  64 6c 65 22 3a 5b 31 5d 7d 2c 7b 22 66 69 65 6c  |dle":[1]},{"fiel|
  00000020  64 73 22 3a 5b 30 2c 66 61 6c 73 65 5d 7d 2c 7b  |ds":[0,false]},{|
  00000030  22 70 61 72 61 6d 65 74 65 72 73 22 3a 5b 31 2c  |"parameters":[1,|
  00000040  5b 32 36 2c 30 2c 31 2c 30 2c 30 2c 22 4e 61 6d  |[26,0,1,0,0,"Nam|
  00000050  65 22 2c 30 2c 30 2c 30 5d 5d 7d 5d 7d           |e",0,0,0]]}]}|
2026-07-15 18:49:20 [INFO] [conn-9] client->paserver 69 bytes:
  00000000  7b 22 6d 65 74 68 6f 64 22 3a 22 65 78 65 63 75  |{"method":"execu|
  00000010  74 65 22 2c 22 70 61 72 61 6d 73 22 3a 5b 7b 22  |te","params":[{"|
  00000020  68 61 6e 64 6c 65 22 3a 5b 31 5d 7d 2c 7b 22 64  |handle":[1]},{"d|
  00000030  61 74 61 22 3a 5b 39 2c 28 75 73 72 2d 68 6f 73  |ata":[9,(usr-hos|
  00000040  74 5d 7d 5d 7d                                   |t]}]}|
2026-07-15 18:49:20 [INFO] [conn-9] paserver->client 25 bytes:
  00000000  7b 22 72 65 73 75 6c 74 22 3a 5b 7b 22 72 6f 77  |{"result":[{"row|
  00000010  73 22 3a 5b 30 5d 7d 5d 7d                       |s":[0]}]}|
2026-07-15 18:49:20 [INFO] [conn-9] client->paserver 92 bytes:
  00000000  7b 22 6d 65 74 68 6f 64 22 3a 22 70 72 65 70 61  |{"method":"prepa|
  00000010  72 65 22 2c 22 70 61 72 61 6d 73 22 3a 5b 2d 31  |re","params":[-1|
  00000020  2c 66 61 6c 73 65 2c 22 44 61 74 61 53 6e 61 70  |,false,"DataSnap|
  00000030  2e 53 65 72 76 65 72 4d 65 74 68 6f 64 22 2c 22  |.ServerMethod","|
  00000040  54 53 65 72 76 65 72 4d 65 74 68 6f 64 73 2e 53  |TServerMethods.S|
  00000050  65 74 41 64 64 72 65 73 73 22 5d 7d              |etAddress"]}|
2026-07-15 18:49:20 [INFO] [conn-9] paserver->client 140 bytes:
  00000000  7b 22 72 65 73 75 6c 74 22 3a 5b 7b 22 68 61 6e  |{"result":[{"han|
  00000010  64 6c 65 22 3a 5b 32 5d 7d 2c 7b 22 66 69 65 6c  |dle":[2]},{"fiel|
  00000020  64 73 22 3a 5b 30 2c 66 61 6c 73 65 5d 7d 2c 7b  |ds":[0,false]},{|
  00000030  22 70 61 72 61 6d 65 74 65 72 73 22 3a 5b 32 2c  |"parameters":[2,|
  00000040  5b 32 36 2c 30 2c 31 2c 30 2c 30 2c 22 41 64 64  |[26,0,1,0,0,"Add|
  00000050  72 65 73 73 22 2c 30 2c 30 2c 30 5d 2c 5b 33 38  |ress",0,0,0],[38|
  00000060  2c 30 2c 31 2c 30 2c 30 2c 22 41 75 74 68 65 6e  |,0,1,0,0,"Authen|
  00000070  74 69 63 61 74 69 6f 6e 43 61 6c 6c 62 61 63 6b  |ticationCallback|
  00000080  22 2c 30 2c 30 2c 30 5d 5d 7d 5d 7d              |",0,0,0]]}]}|
2026-07-15 18:49:20 [INFO] [conn-9] client->paserver 93 bytes:
  00000000  7b 22 6d 65 74 68 6f 64 22 3a 22 65 78 65 63 75  |{"method":"execu|
  00000010  74 65 22 2c 22 70 61 72 61 6d 73 22 3a 5b 7b 22  |te","params":[{"|
  00000020  68 61 6e 64 6c 65 22 3a 5b 32 5d 7d 2c 7b 22 64  |handle":[2]},{"d|
  00000030  61 74 61 22 3a 5b 33 32 2c 3e 41 6e 6f 6e 79 4d  |ata":[32,>AnonyM|
  00000040  6f 75 73 2d 76 6d 20 5b 58 58 58 58 58 58 58 58  |ous-vm [XXXXXXXX|
  00000050  58 58 58 58 58 58 58 5d 02 5d 7d 5d 7d           |XXXXXXX].]}]}|
2026-07-15 18:49:20 [INFO] [conn-9] paserver->client 58 bytes:
  00000000  7b 22 63 61 6c 6c 62 61 63 6b 22 3a 5b 34 30 2c  |{"callback":[40,|
  00000010  5b 31 2c 31 2c 22 30 30 30 30 30 30 30 30 30 30  |[1,1,"0000000000|
  00000020  30 30 30 30 30 30 30 30 30 30 30 30 30 30 30 30  |0000000000000000|
  00000030  30 30 30 30 30 30 22 5d 5d 7d                    |000000"]]}|
2026-07-15 18:49:20 [INFO] [conn-9] client->paserver 48 bytes:
  00000000  7b 22 64 61 74 61 22 3a 5b 33 34 2c 22 30 30 30  |{"data":[34,"000|
  00000010  30 30 30 30 30 30 30 30 30 30 30 30 30 30 30 30  |0000000000000000|
  00000020  30 30 30 30 30 30 30 30 30 30 30 30 30 22 5d 7d  |0000000000000"]}|
2026-07-15 18:49:20 [INFO] [conn-9] paserver->client 58 bytes:
  00000000  7b 22 63 61 6c 6c 62 61 63 6b 22 3a 5b 34 30 2c  |{"callback":[40,|
  00000010  5b 31 2c 31 2c 22 30 30 30 30 30 30 30 30 30 30  |[1,1,"0000000000|
  00000020  30 30 30 30 30 30 30 30 30 30 30 30 30 30 30 30  |0000000000000000|
  00000030  30 30 30 30 30 30 22 5d 5d 7d                    |000000"]]}|
2026-07-15 18:49:20 [INFO] [conn-9] client->paserver 48 bytes:
  00000000  7b 22 64 61 74 61 22 3a 5b 33 34 2c 22 30 30 30  |{"data":[34,"000|
  00000010  30 30 30 30 30 30 30 30 30 30 30 30 30 30 30 30  |0000000000000000|
  00000020  30 30 30 30 30 30 30 30 30 30 30 30 30 22 5d 7d  |0000000000000"]}|
2026-07-15 18:49:20 [INFO] [conn-9] paserver->client 25 bytes:
  00000000  7b 22 72 65 73 75 6c 74 22 3a 5b 7b 22 72 6f 77  |{"result":[{"row|
  00000010  73 22 3a 5b 30 5d 7d 5d 7d                       |s":[0]}]}|
2026-07-15 18:49:20 [INFO] [conn-9] client->paserver 96 bytes:
  00000000  7b 22 6d 65 74 68 6f 64 22 3a 22 70 72 65 70 61  |{"method":"prepa|
  00000010  72 65 22 2c 22 70 61 72 61 6d 73 22 3a 5b 2d 31  |re","params":[-1|
  00000020  2c 66 61 6c 73 65 2c 22 44 61 74 61 53 6e 61 70  |,false,"DataSnap|
  00000030  2e 53 65 72 76 65 72 4d 65 74 68 6f 64 22 2c 22  |.ServerMethod","|
  00000040  54 53 65 72 76 65 72 4d 65 74 68 6f 64 73 2e 56  |TServerMethods.V|
  00000050  65 72 69 66 79 50 6c 61 74 66 6f 72 6d 22 5d 7d  |erifyPlatform"]}|
2026-07-15 18:49:20 [INFO] [conn-9] paserver->client 280 bytes:
  00000000  7b 22 72 65 73 75 6c 74 22 3a 5b 7b 22 68 61 6e  |{"result":[{"han|
  00000010  64 6c 65 22 3a 5b 33 5d 7d 2c 7b 22 66 69 65 6c  |dle":[3]},{"fiel|
  00000020  64 73 22 3a 5b 30 2c 66 61 6c 73 65 5d 7d 2c 7b  |ds":[0,false]},{|
  00000030  22 70 61 72 61 6d 65 74 65 72 73 22 3a 5b 36 2c  |"parameters":[6,|
  00000040  5b 32 36 2c 30 2c 31 2c 30 2c 30 2c 22 41 50 6c  |[26,0,1,0,0,"APl|
  00000050  61 74 66 6f 72 6d 22 2c 30 2c 30 2c 30 5d 2c 5b  |atform",0,0,0],[|
  00000060  32 36 2c 30 2c 32 2c 30 2c 30 2c 22 53 65 72 76  |26,0,2,0,0,"Serv|
  00000070  65 72 50 6c 61 74 66 6f 72 6d 22 2c 30 2c 30 2c  |erPlatform",0,0,|
  00000080  30 5d 2c 5b 36 2c 30 2c 32 2c 30 2c 30 2c 22 53  |0],[6,0,2,0,0,"S|
  00000090  65 72 76 65 72 4d 61 6a 6f 72 56 65 72 73 69 6f  |erverMajorVersio|
  000000a0  6e 22 2c 30 2c 30 2c 30 5d 2c 5b 36 2c 30 2c 32  |n",0,0,0],[6,0,2|
  000000b0  2c 30 2c 30 2c 22 53 65 72 76 65 72 4d 69 6e 6f  |,0,0,"ServerMino|
  000000c0  72 56 65 72 73 69 6f 6e 22 2c 30 2c 30 2c 30 5d  |rVersion",0,0,0]|
  000000d0  2c 5b 32 36 2c 30 2c 32 2c 30 2c 30 2c 22 53 63  |,[26,0,2,0,0,"Sc|
  000000e0  72 61 74 63 68 44 69 72 22 2c 30 2c 30 2c 30 5d  |ratchDir",0,0,0]|
  000000f0  2c 5b 34 2c 30 2c 34 2c 30 2c 30 2c 22 52 65 74  |,[4,0,4,0,0,"Ret|
  00000100  75 72 6e 50 61 72 61 6d 65 74 65 72 22 2c 30 2c  |urnParameter",0,|
  00000110  30 2c 30 5d 5d 7d 5d 7d                          |0,0]]}]}|
2026-07-15 18:49:20 [INFO] [conn-9] client->paserver 74 bytes:
  00000000  7b 22 6d 65 74 68 6f 64 22 3a 22 65 78 65 63 75  |{"method":"execu|
  00000010  74 65 22 2c 22 70 61 72 61 6d 73 22 3a 5b 7b 22  |te","params":[{"|
  00000020  68 61 6e 64 6c 65 22 3a 5b 33 5d 7d 2c 7b 22 64  |handle":[3]},{"d|
  00000030  61 74 61 22 3a 5b 31 33 2c 27 4c 69 6e 75 78 36  |ata":[13,'Linux6|
  00000040  34 c0 c0 c0 c0 c0 5d 7d 5d 7d                    |4.....]}]}|
2026-07-15 18:49:20 [INFO] [conn-9] paserver->client 100 bytes:
  00000000  7b 22 72 65 73 75 6c 74 22 3a 5b 7b 22 72 6f 77  |{"result":[{"row|
  00000010  73 22 3a 5b 30 5d 7d 2c 7b 22 64 61 74 61 22 3a  |s":[0]},{"data":|
  00000020  5b 36 30 2c c0 27 4c 69 6e 75 78 36 34 62 01 73  |[60,.'Linux64b.s|
  00000030  61 6a 10 00 2a 2f 68 6f 6d 65 2f 75 73 72 2f 2e  |aj..*/home/usr/.|
  00000040  50 41 53 65 72 76 65 72 2f 31 33 2e 31 2d 73 63  |PAServer/13.1-sc|
  00000050  72 61 74 63 68 2f 75 73 72 2d 68 6f 73 74 2f 60  |ratch/usr-host/`|
  00000060  5d 7d 5d 7d                                      |]}]}|
2026-07-15 18:49:20 [INFO] [conn-9] client->paserver 153 bytes:
  00000000  7b 22 6d 65 74 68 6f 64 22 3a 22 63 6f 6d 6d 61  |{"method":"comma|
  00000010  6e 64 5f 63 6c 6f 73 65 22 2c 22 70 61 72 61 6d  |nd_close","param|
  00000020  73 22 3a 5b 31 5d 7d 7b 22 6d 65 74 68 6f 64 22  |s":[1]}{"method"|
  00000030  3a 22 63 6f 6d 6d 61 6e 64 5f 63 6c 6f 73 65 22  |:"command_close"|
  00000040  2c 22 70 61 72 61 6d 73 22 3a 5b 32 5d 7d 7b 22  |,"params":[2]}{"|
  00000050  6d 65 74 68 6f 64 22 3a 22 63 6f 6d 6d 61 6e 64  |method":"command|
  00000060  5f 63 6c 6f 73 65 22 2c 22 70 61 72 61 6d 73 22  |_close","params"|
  00000070  3a 5b 33 5d 7d 7b 22 6d 65 74 68 6f 64 22 3a 22  |:[3]}{"method":"|
  00000080  64 69 73 63 6f 6e 6e 65 63 74 22 2c 22 70 61 72  |disconnect","par|
  00000090  61 6d 73 22 3a 5b 30 5d 7d                       |ams":[0]}|
2026-07-15 18:49:20 [INFO] [conn-9] connection closed
